2026-05-05 00:32:18.388 [HikariPool-1:housekeeper] WARN  com.zaxxer.hikari.pool.HikariPool-HikariPool-1 - Thread starvation or clock leap detected (housekeeper delta=5m11s968ms).
2026-05-05 00:38:00.375 [HikariPool-1:housekeeper] WARN  com.zaxxer.hikari.pool.HikariPool-HikariPool-1 - Thread starvation or clock leap detected (housekeeper delta=5m11s863ms).
2026-05-05 00:43:42.247 [HikariPool-1:housekeeper] WARN  com.zaxxer.hikari.pool.HikariPool-HikariPool-1 - Thread starvation or clock leap detected (housekeeper delta=5m11s871ms).
2026-05-05 00:46:31.133 [HikariPool-1:housekeeper] WARN  com.zaxxer.hikari.pool.HikariPool-HikariPool-1 - Thread starvation or clock leap detected (housekeeper delta=2m48s886ms).
2026-05-05 00:52:13.032 [HikariPool-1:housekeeper] WARN  com.zaxxer.hikari.pool.HikariPool-HikariPool-1 - Thread starvation or clock leap detected (housekeeper delta=5m11s889ms).
2026-05-05 00:57:54.969 [HikariPool-1:housekeeper] WARN  com.zaxxer.hikari.pool.HikariPool-HikariPool-1 - Thread starvation or clock leap detected (housekeeper delta=5m11s935ms).
2026-05-05 01:03:36.916 [HikariPool-1:housekeeper] WARN  com.zaxxer.hikari.pool.HikariPool-HikariPool-1 - Thread starvation or clock leap detected (housekeeper delta=5m11s934ms).
2026-05-05 01:08:28.412 [HikariPool-1:housekeeper] WARN  com.zaxxer.hikari.pool.HikariPool-HikariPool-1 - Thread starvation or clock leap detected (housekeeper delta=4m51s495ms).
2026-05-05 01:27:36.293 [SpringApplicationShutdownHook] INFO  org.springframework.boot.tomcat.GracefulShutdown-Commencing graceful shutdown. Waiting for active requests to complete
2026-05-05 01:27:38.316 [tomcat-shutdown] INFO  org.springframework.boot.tomcat.GracefulShutdown-Graceful shutdown complete
2026-05-05 01:27:38.351 [SpringApplicationShutdownHook] INFO  com.zaxxer.hikari.HikariDataSource-HikariPool-1 - Shutdown initiated...
2026-05-05 01:27:38.357 [SpringApplicationShutdownHook] INFO  com.zaxxer.hikari.HikariDataSource-HikariPool-1 - Shutdown completed.
2026-05-05 01:27:43.071 [main] INFO  com.example.TliasWebManagementApplication-Starting TliasWebManagementApplication using Java 21.0.7 with PID 7924 (/Users/li_shuai/我的代码/后端学习/Java项目实战/java-web-ai-project-tlias/tlias-web-management/target/classes started by li_shuai in /Users/li_shuai/我的代码/后端学习/Java项目实战/java-web-ai-project-tlias)
2026-05-05 01:27:43.074 [main] INFO  com.example.TliasWebManagementApplication-No active profile set, falling back to 1 default profile: "default"
2026-05-05 01:27:44.179 [main] INFO  org.springframework.boot.tomcat.TomcatWebServer-Tomcat initialized with port 8080 (http)
2026-05-05 01:27:44.196 [main] INFO  org.apache.coyote.http11.Http11NioProtocol-Initializing ProtocolHandler ["http-nio-8080"]
2026-05-05 01:27:44.198 [main] INFO  org.apache.catalina.core.StandardService-Starting service [Tomcat]
2026-05-05 01:27:44.198 [main] INFO  org.apache.catalina.core.StandardEngine-Starting Servlet engine: [Apache Tomcat/11.0.20]
2026-05-05 01:27:44.255 [main] INFO  o.s.b.w.c.servlet.WebApplicationContextInitializer-Root WebApplicationContext: initialization completed in 1139 ms
2026-05-05 01:27:45.043 [main] INFO  org.apache.coyote.http11.Http11NioProtocol-Starting ProtocolHandler ["http-nio-8080"]
2026-05-05 01:27:45.059 [main] INFO  org.springframework.boot.tomcat.TomcatWebServer-Tomcat started on port 8080 (http) with context path '/'
2026-05-05 01:27:45.064 [main] INFO  com.example.TliasWebManagementApplication-Started TliasWebManagementApplication in 2.431 seconds (process running for 3.711)
2026-05-05 02:19:44.656 [http-nio-8080-exec-2] INFO  o.a.c.core.ContainerBase.[Tomcat].[localhost].[/]-Initializing Spring DispatcherServlet 'dispatcherServlet'
2026-05-05 02:19:44.656 [http-nio-8080-exec-2] INFO  org.springframework.web.servlet.DispatcherServlet-Initializing Servlet 'dispatcherServlet'
2026-05-05 02:19:44.664 [http-nio-8080-exec-2] INFO  org.springframework.web.servlet.DispatcherServlet-Completed initialization in 6 ms
2026-05-05 02:19:44.903 [http-nio-8080-exec-2] INFO  com.example.controller.LoginController-员工登录：Emp(id=null, username=songjiang, password=123456, name=null, gender=null, phone=null, job=null, salary=null, image=null, entryDate=null, deptId=null, createTime=null, updateTime=null, deptName=null, exprList=null)
2026-05-05 02:19:44.950 [http-nio-8080-exec-2] INFO  com.zaxxer.hikari.HikariDataSource-HikariPool-1 - Starting...
2026-05-05 02:19:45.466 [http-nio-8080-exec-2] INFO  com.zaxxer.hikari.pool.HikariPool-HikariPool-1 - Added connection com.mysql.cj.jdbc.ConnectionImpl@1a13ac8c
2026-05-05 02:19:45.468 [http-nio-8080-exec-2] INFO  com.zaxxer.hikari.HikariDataSource-HikariPool-1 - Start completed.
2026-05-05 02:19:45.544 [http-nio-8080-exec-2] INFO  com.example.service.impl.EmpServiceImpl-登录成功，员工登录：Emp(id=2, username=songjiang, password=null, name=宋江, gender=null, phone=null, job=null, salary=null, image=null, entryDate=null, deptId=null, createTime=null, updateTime=null, deptName=null, exprList=null)
2026-05-05 02:20:05.107 [http-nio-8080-exec-3] INFO  com.example.controller.LoginController-员工登录：Emp(id=null, username=songjiang, password=1234567, name=null, gender=null, phone=null, job=null, salary=null, image=null, entryDate=null, deptId=null, createTime=null, updateTime=null, deptName=null, exprList=null)
2026-05-05 02:51:44.522 [SpringApplicationShutdownHook] INFO  org.springframework.boot.tomcat.GracefulShutdown-Commencing graceful shutdown. Waiting for active requests to complete
2026-05-05 02:51:46.537 [tomcat-shutdown] INFO  org.springframework.boot.tomcat.GracefulShutdown-Graceful shutdown complete
2026-05-05 02:51:46.548 [SpringApplicationShutdownHook] INFO  com.zaxxer.hikari.HikariDataSource-HikariPool-1 - Shutdown initiated...
2026-05-05 02:51:46.553 [SpringApplicationShutdownHook] INFO  com.zaxxer.hikari.HikariDataSource-HikariPool-1 - Shutdown completed.
