2026-04-17 23:37:37.292 [main] INFO  com.example.TliasWebManagementApplication-Starting TliasWebManagementApplication using Java 21.0.7 with PID 1976 (/Users/li_shuai/我的代码/后端学习/Java项目实战/java-web-ai-project-tlias/tlias-web-management/target/classes started by li_shuai in /Users/li_shuai/我的代码/后端学习/Java项目实战/java-web-ai-project-tlias)
2026-04-17 23:37:37.298 [main] INFO  com.example.TliasWebManagementApplication-No active profile set, falling back to 1 default profile: "default"
2026-04-17 23:37:39.162 [main] INFO  org.springframework.boot.tomcat.TomcatWebServer-Tomcat initialized with port 8080 (http)
2026-04-17 23:37:39.180 [main] INFO  org.apache.coyote.http11.Http11NioProtocol-Initializing ProtocolHandler ["http-nio-8080"]
2026-04-17 23:37:39.184 [main] INFO  org.apache.catalina.core.StandardService-Starting service [Tomcat]
2026-04-17 23:37:39.184 [main] INFO  org.apache.catalina.core.StandardEngine-Starting Servlet engine: [Apache Tomcat/11.0.20]
2026-04-17 23:37:39.244 [main] INFO  o.s.b.w.c.servlet.WebApplicationContextInitializer-Root WebApplicationContext: initialization completed in 1855 ms
2026-04-17 23:37:40.156 [main] INFO  com.example.TliasWebManagementApplication-Starting TliasWebManagementApplication using Java 21.0.7 with PID 1980 (/Users/li_shuai/我的代码/后端学习/Java项目实战/java-web-ai-project-tlias/tlias-web-management/target/classes started by li_shuai in /Users/li_shuai/我的代码/后端学习/Java项目实战/java-web-ai-project-tlias)
2026-04-17 23:37:40.159 [main] INFO  com.example.TliasWebManagementApplication-No active profile set, falling back to 1 default profile: "default"
2026-04-17 23:37:40.331 [main] INFO  org.apache.coyote.http11.Http11NioProtocol-Starting ProtocolHandler ["http-nio-8080"]
2026-04-17 23:37:40.375 [main] INFO  org.springframework.boot.tomcat.TomcatWebServer-Tomcat started on port 8080 (http) with context path '/'
2026-04-17 23:37:40.388 [main] INFO  com.example.TliasWebManagementApplication-Started TliasWebManagementApplication in 4.009 seconds (process running for 5.524)
2026-04-17 23:37:41.382 [main] INFO  org.springframework.boot.tomcat.TomcatWebServer-Tomcat initialized with port 8080 (http)
2026-04-17 23:37:41.397 [main] INFO  org.apache.coyote.http11.Http11NioProtocol-Initializing ProtocolHandler ["http-nio-8080"]
2026-04-17 23:37:41.401 [main] INFO  org.apache.catalina.core.StandardService-Starting service [Tomcat]
2026-04-17 23:37:41.402 [main] INFO  org.apache.catalina.core.StandardEngine-Starting Servlet engine: [Apache Tomcat/11.0.20]
2026-04-17 23:37:41.445 [main] INFO  o.s.b.w.c.servlet.WebApplicationContextInitializer-Root WebApplicationContext: initialization completed in 1218 ms
2026-04-17 23:37:42.410 [main] INFO  org.apache.coyote.http11.Http11NioProtocol-Starting ProtocolHandler ["http-nio-8080"]
2026-04-17 23:37:42.422 [main] WARN  o.s.b.w.s.s.c.AnnotationConfigServletWebServerApplicationContext-Exception encountered during context initialization - cancelling refresh attempt: org.springframework.context.ApplicationContextException: Failed to start bean 'webServerStartStop'
2026-04-17 23:37:42.443 [main] INFO  o.s.b.a.logging.ConditionEvaluationReportLogger-

Error starting ApplicationContext. To display the condition evaluation report re-run your application with 'debug' enabled.
2026-04-17 23:37:42.475 [main] ERROR o.s.b.diagnostics.LoggingFailureAnalysisReporter-

***************************
APPLICATION FAILED TO START
***************************

Description:

Web server failed to start. Port 8080 was already in use.

Action:

Identify and stop the process that's listening on port 8080 or configure this application to listen on another port.

2026-04-17 23:37:48.705 [http-nio-8080-exec-2] INFO  o.a.c.core.ContainerBase.[Tomcat].[localhost].[/]-Initializing Spring DispatcherServlet 'dispatcherServlet'
2026-04-17 23:37:48.705 [http-nio-8080-exec-2] INFO  org.springframework.web.servlet.DispatcherServlet-Initializing Servlet 'dispatcherServlet'
2026-04-17 23:37:48.708 [http-nio-8080-exec-2] INFO  org.springframework.web.servlet.DispatcherServlet-Completed initialization in 2 ms
2026-04-17 23:37:48.787 [http-nio-8080-exec-2] INFO  com.example.controller.EmpController-分页查询，参数：EmpQueryParam(page=1, pageSize=5, name=阮, gender=1, begin=null, end=null)
2026-04-17 23:37:48.910 [http-nio-8080-exec-2] INFO  com.zaxxer.hikari.HikariDataSource-HikariPool-1 - Starting...
2026-04-17 23:37:49.558 [http-nio-8080-exec-2] INFO  com.zaxxer.hikari.pool.HikariPool-HikariPool-1 - Added connection com.mysql.cj.jdbc.ConnectionImpl@19d76c2
2026-04-17 23:37:49.560 [http-nio-8080-exec-2] INFO  com.zaxxer.hikari.HikariDataSource-HikariPool-1 - Start completed.
